<!DOCTYPE html><html lang="ru"><head>
    <meta charset="utf-8">
    <title>Курсы по программированию Хекслет</title>
    <link rel="stylesheet" media="all" href="https://cdn2.hexlet.io/assets/menu.css">
    <link rel="stylesheet" media="all" href="ru-hexlet-io-courses_files/ru-hexlet-io-assets-application.css">
    <link href="ru-hexlet-io-courses_files/ru-hexlet-io-courses.html" rel="canonical">
  </head>
  <body>
    <img src="ru-hexlet-io-courses_files/ru-hexlet-io-assets-professions-nodejs.png" alt="Иконка профессии Node.js-программист">
    <h3>
      <a href="/professions/nodejs">Node.js-программист</a>
    </h3>
    <script src="https://js.stripe.com/v3/"></script>
    <script src="ru-hexlet-io-courses_files/ru-hexlet-io-packs-js-runtime.js"></script>
    <img src="ru-hexlet-io-courses_files/ru-hexlet-io-assets-testing-pyramid.jpeg" alt="Иконка тестовой пирамиды">
  
</body></html>